screens/History.tsx(43,11): error TS2353: Object literal may only specify known properties, and 'isRetryMode' does not exist in type 'SessionState'.
